2026-08-09 18:20:43,578 | INFO | Starting HMM walk-forward experiment
2026-08-09 18:20:47,417 | INFO | Total observations: 316,838
2026-08-09 18:20:47,418 | INFO | Total days: 221
2026-08-09 18:20:47,418 | INFO | Total folds: 44
2026-08-09 18:20:47,419 | INFO | N_STATES=5, INITIAL_TRAIN_DAYS=5, TRAIN_INTERVAL_DAYS=5, HORIZON=5, N_ITER=50
2026-08-09 18:20:47,422 | INFO | Fold 1/44 | Train: 2026-01-01→2026-01-05 | Eval: 2026-01-06
2026-08-09 18:20:47,428 | INFO | Training rows: 7,198 | Evaluation rows: 1,440
2026-08-09 18:20:49,478 | INFO | HMM trained | iterations=30 | converged=True
2026-08-09 18:20:49,488 | INFO | State rain scores: [0. 0. 0. 0. 0.]
2026-08-09 18:20:49,535 | INFO | Fold 1 metrics | Brier=0.0000 | ROC-AUC=nan | PR-AUC=nan | F1=0.0000
2026-08-09 18:20:49,537 | INFO | Fold 2/44 | Train: 2026-01-01→2026-01-10 | Eval: 2026-01-11
2026-08-09 18:20:49,543 | INFO | Training rows: 14,398 | Evaluation rows: 1,440
2026-08-09 18:20:50,369 | INFO | HMM trained | iterations=30 | converged=True
2026-08-09 18:20:50,384 | INFO | State rain scores: [0. 0. 0. 0. 0.]
2026-08-09 18:20:50,428 | INFO | Fold 2 metrics | Brier=0.0000 | ROC-AUC=nan | PR-AUC=nan | F1=0.0000
2026-08-09 18:20:50,429 | INFO | Fold 3/44 | Train: 2026-01-01→2026-01-15 | Eval: 2026-01-16
2026-08-09 18:20:50,435 | INFO | Training rows: 21,597 | Evaluation rows: 1,440
2026-08-09 18:20:51,936 | INFO | HMM trained | iterations=35 | converged=True
2026-08-09 18:20:51,967 | INFO | State rain scores: [0.1243 0.     0.     0.0043 0.4931]
2026-08-09 18:20:52,013 | INFO | Fold 3 metrics | Brier=0.0007 | ROC-AUC=nan | PR-AUC=nan | F1=0.0000
2026-08-09 18:20:52,015 | INFO | Fold 4/44 | Train: 2026-01-01→2026-01-20 | Eval: 2026-01-21
2026-08-09 18:20:52,022 | INFO | Training rows: 28,797 | Evaluation rows: 1,440
2026-08-09 18:20:54,244 | INFO | HMM trained | iterations=38 | converged=True
2026-08-09 18:20:54,270 | INFO | State rain scores: [0.0894 0.     0.     0.0045 0.3532]
2026-08-09 18:20:54,316 | INFO | Fold 4 metrics | Brier=0.0000 | ROC-AUC=nan | PR-AUC=nan | F1=0.0000
2026-08-09 18:20:54,317 | INFO | Fold 5/44 | Train: 2026-01-01→2026-01-25 | Eval: 2026-01-26
2026-08-09 18:20:54,325 | INFO | Training rows: 35,996 | Evaluation rows: 1,440
2026-08-09 18:20:56,804 | INFO | HMM trained | iterations=34 | converged=True
2026-08-09 18:20:56,840 | INFO | State rain scores: [0.0841 0.     0.     0.0044 0.332 ]
2026-08-09 18:20:56,887 | INFO | Fold 5 metrics | Brier=0.0003 | ROC-AUC=nan | PR-AUC=nan | F1=0.0000
2026-08-09 18:20:56,889 | INFO | Fold 6/44 | Train: 2026-01-01→2026-01-30 | Eval: 2026-01-31
2026-08-09 18:20:56,898 | INFO | Training rows: 43,196 | Evaluation rows: 1,440
2026-08-09 18:21:01,202 | INFO | HMM trained | iterations=50 | converged=True
2026-08-09 18:21:01,258 | INFO | State rain scores: [0.0852 0.     0.     0.0042 0.3365]
2026-08-09 18:21:01,303 | INFO | Fold 6 metrics | Brier=0.0000 | ROC-AUC=nan | PR-AUC=nan | F1=0.0000
2026-08-09 18:21:01,305 | INFO | Fold 7/44 | Train: 2026-01-01→2026-02-04 | Eval: 2026-02-05
2026-08-09 18:21:01,314 | INFO | Training rows: 50,395 | Evaluation rows: 1,439
2026-08-09 18:21:03,624 | INFO | HMM trained | iterations=23 | converged=True
2026-08-09 18:21:03,674 | INFO | State rain scores: [0.0846 0.     0.     0.0041 0.3342]
2026-08-09 18:21:03,738 | INFO | Fold 7 metrics | Brier=0.0005 | ROC-AUC=nan | PR-AUC=nan | F1=0.0000
2026-08-09 18:21:03,741 | INFO | Fold 8/44 | Train: 2026-01-01→2026-02-09 | Eval: 2026-02-10
2026-08-09 18:21:03,753 | INFO | Training rows: 57,594 | Evaluation rows: 1,440
2026-08-09 18:21:06,114 | WARNING | Model is not converging.  Current: 468051.97383676266 is not greater than 468051.97405139415. Delta is -0.00021463149460032582
2026-08-09 18:21:06,117 | INFO | HMM trained | iterations=20 | converged=True
2026-08-09 18:21:06,181 | INFO | State rain scores: [8.6073e-02 9.6210e-05 0.0000e+00 4.0600e-03 3.4014e-01]
2026-08-09 18:21:06,232 | INFO | Fold 8 metrics | Brier=0.0413 | ROC-AUC=0.9101 | PR-AUC=0.7289 | F1=0.0000
2026-08-09 18:21:06,234 | INFO | Fold 9/44 | Train: 2026-01-01→2026-02-14 | Eval: 2026-02-15
2026-08-09 18:21:06,245 | INFO | Training rows: 64,794 | Evaluation rows: 1,440
